repo=Jasper-Liao2026/Interview-optimization  milestones=1  children=8  dry_run=False
OK    M0 -> #1
OK    M0-1 -> #2
      link M0-1 under #1 : ok
OK    M0-2 -> #3
      link M0-2 under #1 : ok
OK    M0-3 -> #4
      link M0-3 under #1 : ok
OK    M0-4 -> #5
      link M0-4 under #1 : ok
OK    M0-5 -> #6
      link M0-5 under #1 : ok
OK    M0-6 -> #7
      link M0-6 under #1 : ok
OK    M0-7 -> #8
      link M0-7 under #1 : ok
OK    M0-8 -> #9
      link M0-8 under #1 : ok
done. created=9
repo=Jasper-Liao2026/Interview-optimization  milestones=1  children=7  dry_run=False
OK    M1 -> #10
OK    M1-1 -> #11
      link M1-1 under #10 : ok
OK    M1-2 -> #12
      link M1-2 under #10 : ok
OK    M1-3 -> #13
      link M1-3 under #10 : ok
OK    M1-4 -> #14
      link M1-4 under #10 : ok
OK    M1-5 -> #15
      link M1-5 under #10 : ok
OK    M1-6 -> #16
      link M1-6 under #10 : ok
OK    M1-7 -> #17
      link M1-7 under #10 : ok
done. created=8
repo=Jasper-Liao2026/Interview-optimization  milestones=1  children=7  dry_run=False
OK    M2 -> #18
OK    M2-1 -> #19
      link M2-1 under #18 : ok
OK    M2-2 -> #20
      link M2-2 under #18 : ok
OK    M2-3 -> #21
      link M2-3 under #18 : ok
OK    M2-4 -> #22
      link M2-4 under #18 : ok
OK    M2-5 -> #23
      link M2-5 under #18 : ok
OK    M2-6 -> #24
      link M2-6 under #18 : ok
OK    M2-7 -> #25
      link M2-7 under #18 : ok
done. created=8
repo=Jasper-Liao2026/Interview-optimization  milestones=1  children=6  dry_run=False
OK    M3 -> #26
OK    M3-1 -> #27
      link M3-1 under #26 : ok
OK    M3-2 -> #28
      link M3-2 under #26 : ok
OK    M3-3 -> #29
      link M3-3 under #26 : ok
OK    M3-4 -> #30
      link M3-4 under #26 : ok
OK    M3-5 -> #31
      link M3-5 under #26 : ok
OK    M3-6 -> #32
      link M3-6 under #26 : ok
done. created=7
repo=Jasper-Liao2026/Interview-optimization  milestones=1  children=7  dry_run=False
OK    M4 -> #33
OK    M4-1 -> #34
      link M4-1 under #33 : ok
OK    M4-2 -> #35
      link M4-2 under #33 : ok
OK    M4-3 -> #36
      link M4-3 under #33 : ok
OK    M4-4 -> #37
      link M4-4 under #33 : ok
OK    M4-5 -> #38
      link M4-5 under #33 : ok
OK    M4-6 -> #39
      link M4-6 under #33 : ok
OK    M4-7 -> #40
      link M4-7 under #33 : ok
done. created=8
repo=Jasper-Liao2026/Interview-optimization  milestones=1  children=7  dry_run=False
OK    M5 -> #41
OK    M5-1 -> #42
      link M5-1 under #41 : ok
OK    M5-2 -> #43
      link M5-2 under #41 : ok
OK    M5-3 -> #44
      link M5-3 under #41 : ok
OK    M5-4 -> #45
      link M5-4 under #41 : ok
OK    M5-5 -> #46
      link M5-5 under #41 : ok
OK    M5-6 -> #47
      link M5-6 under #41 : ok
OK    M5-7 -> #48
      link M5-7 under #41 : ok
done. created=8
repo=Jasper-Liao2026/Interview-optimization  milestones=1  children=5  dry_run=False
OK    M6 -> #49
OK    M6-1 -> #50
      link M6-1 under #49 : ok
OK    M6-2 -> #51
      link M6-2 under #49 : ok
OK    M6-3 -> #52
      link M6-3 under #49 : ok
OK    M6-4 -> #53
      link M6-4 under #49 : ok
OK    M6-5 -> #54
      link M6-5 under #49 : ok
done. created=6
repo=Jasper-Liao2026/Interview-optimization  milestones=1  children=5  dry_run=False
OK    M7 -> #55
OK    M7-1 -> #56
      link M7-1 under #55 : ok
OK    M7-2 -> #57
      link M7-2 under #55 : ok
OK    M7-3 -> #58
      link M7-3 under #55 : ok
OK    M7-4 -> #59
      link M7-4 under #55 : ok
OK    M7-5 -> #60
      link M7-5 under #55 : ok
done. created=6
repo=Jasper-Liao2026/Interview-optimization  milestones=1  children=5  dry_run=False
OK    M8 -> #61
OK    M8-1 -> #62
      link M8-1 under #61 : ok
OK    M8-2 -> #63
      link M8-2 under #61 : ok
OK    M8-3 -> #64
      link M8-3 under #61 : ok
OK    M8-4 -> #65
      link M8-4 under #61 : ok
OK    M8-5 -> #66
      link M8-5 under #61 : ok
done. created=6
